// Jest Snapshot v1, https://goo.gl/fbAQLP

exports[`Header renders a navbar with links and logo 1`] = `
<Uncontrolled(Navbar)
  bsStyle="none"
  className="customNav null"
  collapseOnSelect={true}
  fixedTop={true}
>
  <NavbarHeader>
    <NavbarBrand>
      <NavLink
        activeClassName="active"
        ariaCurrent="true"
        to="/"
      >
        <img
          alt="logo"
          className="logo"
          src="logo.png"
        />
      </NavLink>
    </NavbarBrand>
    <NavbarToggle>
      <FontAwesomeIcon
        border={false}
        className=""
        fixedWidth={false}
        flip={null}
        icon="mockedfaBarsIcon"
        listItem={false}
        mask={null}
        name=""
        pull={null}
        pulse={false}
        rotation={null}
        size={null}
        spin={false}
        symbol={false}
        transform={null}
      />
    </NavbarToggle>
  </NavbarHeader>
  <NavbarCollapse>
    <Nav
      bsClass="nav"
      className="nav"
      justified={false}
      pullLeft={false}
      pullRight={true}
      stacked={false}
    >
      <LinkContainer
        activeClassName="active"
        exact={false}
        replace={false}
        strict={false}
        to="/about"
      >
        <NavItem
          active={false}
          disabled={false}
        >
          About
        </NavItem>
      </LinkContainer>
      <LinkContainer
        activeClassName="active"
        exact={false}
        replace={false}
        strict={false}
        to="/sponsors"
      >
        <NavItem
          active={false}
          disabled={false}
        >
          Sponsors
        </NavItem>
      </LinkContainer>
      <LinkContainer
        activeClassName="active"
        exact={false}
        replace={false}
        strict={false}
        to="/gallery"
      >
        <NavItem
          active={false}
          disabled={false}
        >
          Gallery
        </NavItem>
      </LinkContainer>
      <LinkContainer
        activeClassName="active"
        exact={false}
        replace={false}
        strict={false}
        to="/calendar"
      >
        <NavItem
          active={false}
          disabled={false}
        >
          Calendar
        </NavItem>
      </LinkContainer>
    </Nav>
  </NavbarCollapse>
</Uncontrolled(Navbar)>
`;
