// Jest Snapshot v1, https://goo.gl/fbAQLP

exports[`Page given a page body, title, and background image should render the page 1`] = `
<div>
  <BackgroundImage
    fullScreen={false}
    src="backgroundimage.jpg"
  />
  <h1
    className="title"
  >
    COOL PAGE!
  </h1>
  <div>
    <h1>
      Sub title of the page
    </h1>
    <p>
      With loads of useful robotics information
    </p>
  </div>
</div>
`;
