// Jest Snapshot v1, https://goo.gl/fbAQLP

exports[`Calendar renders a Calendar page 1`] = `
<Page
  backgroundSrc="6.jpg"
  title="Calendar"
>
  <div
    className="calendarBody"
  >
    <Grid
      bsClass="container"
      className="calendarContainer"
      componentClass="div"
      fluid={false}
    >
      <h2
        className="header"
      >
        Upcoming Events
      </h2>
      <Clearfix
        bsClass="clearfix"
        componentClass="div"
        visibleXsBlock={true}
      >
        <iframe
          className="calendar"
          frameBorder="0"
          height="300"
          scrolling="no"
          src="https://www.google.com/calendar/embed?showTitle=0&showNav=0&showDate=0&showPrint=0&showTabs=0&showCalendars=0&showTz=0&mode=AGENDA&height=600&wkst=1&bgcolor=%23FFFFFF&src=fairviewrobotics%40gmail.com&color=%23060D5E&ctz=America%2FDenver"
          title="extra small calendar"
          width="100%"
        />
      </Clearfix>
      <Clearfix
        bsClass="clearfix"
        componentClass="div"
        visibleSmBlock={true}
      >
        <iframe
          className="calendar"
          frameBorder="0"
          height="400"
          scrolling="no"
          src="https://www.google.com/calendar/embed?showTitle=0&showTabs=0&showCalendars=0&showPrint=0&height=600&wkst=1&bgcolor=%23FFFFFF&src=fairviewrobotics%40gmail.com&color=%23711616&ctz=America%2FDenver"
          title="small calendar"
          width="100%"
        />
      </Clearfix>
      <Clearfix
        bsClass="clearfix"
        componentClass="div"
        visibleMdBlock={true}
      >
        <iframe
          className="calendar"
          frameBorder="0"
          height="400"
          scrolling="no"
          src="https://www.google.com/calendar/embed?showTitle=0&showTabs=0&showCalendars=0&showPrint=0&height=600&wkst=1&bgcolor=%23FFFFFF&src=fairviewrobotics%40gmail.com&color=%23711616&ctz=America%2FDenver"
          title="medium calendar"
          width="90%"
        />
      </Clearfix>
      <Clearfix
        bsClass="clearfix"
        componentClass="div"
        visibleLgBlock={true}
      >
        <iframe
          className="calendar"
          frameBorder="0"
          height="500"
          scrolling="no"
          src="https://www.google.com/calendar/embed?showTitle=0&showTabs=0&showCalendars=0&showPrint=0&height=600&wkst=1&bgcolor=%23FFFFFF&src=fairviewrobotics%40gmail.com&color=%23711616&ctz=America%2FDenver"
          title="large calendar"
          width="80%"
        />
      </Clearfix>
    </Grid>
  </div>
</Page>
`;
