// Jest Snapshot v1, https://goo.gl/fbAQLP

exports[`SocialIcon given an \`icon\` and \`url\` should render an linked icon 1`] = `
<a
  className="socialIcon"
  href="https://socialmediasite.com/"
  target="_blank"
>
  <FontAwesomeIcon
    border={false}
    className=""
    fixedWidth={false}
    flip={null}
    icon={
      Object {
        "name": "I Am A Font Awesome Icon",
      }
    }
    listItem={false}
    mask={null}
    name=""
    pull={null}
    pulse={false}
    rotation={null}
    size={null}
    spin={false}
    symbol={false}
    transform={null}
  />
</a>
`;
