// Jest Snapshot v1, https://goo.gl/fbAQLP

exports[`SponsorList when given no \`sponsors\` should render an empty list 1`] = `
<div
  className="sponsorList"
/>
`;

exports[`SponsorList when given some \`sponsors\` should render each sponsor 1`] = `
<div
  className="sponsorList"
>
  <Sponsor
    key="Cheez it"
    name="Cheez it"
    size={90}
    src="http://www.cheeseimage.com/"
    url="http://www.urltocheese.com/"
  />
  <Sponsor
    key="Mcdonalds"
    name="Mcdonalds"
    size={30}
    src="http://www.mdimage.com/"
    url="http://www.urltomd.com/"
  />
  <Sponsor
    key="Chef Boyardee"
    name="Chef Boyardee"
    size={50}
    src="http://www.boyardeeimage.com/"
    url="http://www.urltoboyardee.com/"
  />
</div>
`;
