// Jest Snapshot v1, https://goo.gl/fbAQLP

exports[`Sponsors given \`sponsors\` should render a page with a list of sponsors 1`] = `
<Page
  backgroundSrc="11.jpg"
  title="sponsors"
>
  <SponsorList
    sponsors={
      Array [
        Object {
          "name": "Cheez it",
          "size": 90,
          "src": "http://www.cheeseimage.com/",
          "url": "http://www.urltocheese.com/",
        },
        Object {
          "name": "Mcdonalds",
          "size": 30,
          "src": "http://www.mdimage.com/",
          "url": "http://www.urltomd.com/",
        },
        Object {
          "name": "Chef Boyardee",
          "size": 50,
          "src": "http://www.boyardeeimage.com/",
          "url": "http://www.urltoboyardee.com/",
        },
      ]
    }
  />
</Page>
`;
